---
source: crates/ruff_python_parser/src/parser/tests.rs
expression: parsed.syntax()
---
Module(
    ModModule {
        node_index: NodeIndex(None),
        range: 0..953,
        body: [
            Expr(
                StmtExpr {
                    node_index: NodeIndex(None),
                    range: 21..42,
                    value: BinOp(
                        ExprBinOp {
                            node_index: NodeIndex(None),
                            range: 27..40,
                            left: Name(
                                ExprName {
                                    node_index: NodeIndex(None),
                                    range: 27..28,
                                    id: Name("a"),
                                    ctx: Load,
                                },
                            ),
                            op: Mod,
                            right: Name(
                                ExprName {
                                    node_index: NodeIndex(None),
                                    range: 39..40,
                                    id: Name("b"),
                                    ctx: Load,
                                },
                            ),
                        },
                    ),
                },
            ),
            IpyEscapeCommand(
                StmtIpyEscapeCommand {
                    node_index: NodeIndex(None),
                    range: 66..73,
                    kind: Help2,
                    value: "a.foo",
                },
            ),
            IpyEscapeCommand(
                StmtIpyEscapeCommand {
                    node_index: NodeIndex(None),
                    range: 74..80,
                    kind: Help,
                    value: "a.foo",
                },
            ),
            IpyEscapeCommand(
                StmtIpyEscapeCommand {
                    node_index: NodeIndex(None),
                    range: 81..88,
                    kind: Help,
                    value: "a.foo",
                },
            ),
            IpyEscapeCommand(
                StmtIpyEscapeCommand {
                    node_index: NodeIndex(None),
                    range: 89..100,
                    kind: Help2,
                    value: "a.foo()",
                },
            ),
            IpyEscapeCommand(
                StmtIpyEscapeCommand {
                    node_index: NodeIndex(None),
                    range: 115..128,
                    kind: Magic,
                    value: "timeit a = b",
                },
            ),
            IpyEscapeCommand(
                StmtIpyEscapeCommand {
                    node_index: NodeIndex(None),
                    range: 129..147,
                    kind: Magic,
                    value: "timeit foo(b) % 3",
                },
            ),
            IpyEscapeCommand(
                StmtIpyEscapeCommand {
                    node_index: NodeIndex(None),
                    range: 148..176,
                    kind: Magic,
                    value: "alias showPath pwd && ls -a",
                },
            ),
            IpyEscapeCommand(
                StmtIpyEscapeCommand {
                    node_index: NodeIndex(None),
                    range: 177..205,
                    kind: Magic,
                    value: "timeit a =  foo(b); b = 2",
                },
            ),
            IpyEscapeCommand(
                StmtIpyEscapeCommand {
                    node_index: NodeIndex(None),
                    range: 206..226,
                    kind: Magic,
                    value: "matplotlib --inline",
                },
            ),
            IpyEscapeCommand(
                StmtIpyEscapeCommand {
                    node_index: NodeIndex(None),
                    range: 227..253,
                    kind: Magic,
                    value: "matplotlib     --inline",
                },
            ),
            IpyEscapeCommand(
                StmtIpyEscapeCommand {
                    node_index: NodeIndex(None),
                    range: 277..309,
                    kind: Shell,
                    value: "pwd && ls -a | sed 's/^/\\    /'",
                },
            ),
            IpyEscapeCommand(
                StmtIpyEscapeCommand {
                    node_index: NodeIndex(None),
                    range: 310..347,
                    kind: Shell,
                    value: "pwd   && ls -a | sed 's/^/\\\\    /'",
                },
            ),
            IpyEscapeCommand(
                StmtIpyEscapeCommand {
                    node_index: NodeIndex(None),
                    range: 348..393,
                    kind: ShCap,
                    value: "cd /Users/foo/Library/Application\\ Support/",
                },
            ),
            FunctionDef(
                StmtFunctionDef {
                    node_index: NodeIndex(None),
                    range: 566..626,
                    is_async: false,
                    decorator_list: [],
                    name: Identifier {
                        id: Name("foo"),
                        range: 570..573,
                        node_index: NodeIndex(None),
                    },
                    type_params: None,
                    parameters: Parameters {
                        range: 573..575,
                        node_index: NodeIndex(None),
                        posonlyargs: [],
                        args: [],
                        vararg: None,
                        kwonlyargs: [],
                        kwarg: None,
                    },
                    returns: None,
                    body: [
                        Return(
                            StmtReturn {
                                node_index: NodeIndex(None),
                                range: 581..626,
                                value: Some(
                                    Compare(
                                        ExprCompare {
                                            node_index: NodeIndex(None),
                                            range: 598..620,
                                            left: Name(
                                                ExprName {
                                                    node_index: NodeIndex(None),
                                                    range: 598..599,
                                                    id: Name("a"),
                                                    ctx: Load,
                                                },
                                            ),
                                            ops: [
                                                NotEq,
                                            ],
                                            comparators: [
                                                Name(
                                                    ExprName {
                                                        node_index: NodeIndex(None),
                                                        range: 619..620,
                                                        id: Name("b"),
                                                        ctx: Load,
                                                    },
                                                ),
                                            ],
                                        },
                                    ),
                                ),
                            },
                        ),
                    ],
                },
            ),
            IpyEscapeCommand(
                StmtIpyEscapeCommand {
                    node_index: NodeIndex(None),
                    range: 656..664,
                    kind: Paren,
                    value: "foo 1 2",
                },
            ),
            IpyEscapeCommand(
                StmtIpyEscapeCommand {
                    node_index: NodeIndex(None),
                    range: 665..673,
                    kind: Quote2,
                    value: "foo 1 2",
                },
            ),
            IpyEscapeCommand(
                StmtIpyEscapeCommand {
                    node_index: NodeIndex(None),
                    range: 674..682,
                    kind: Quote,
                    value: "foo 1 2",
                },
            ),
            For(
                StmtFor {
                    node_index: NodeIndex(None),
                    range: 711..737,
                    is_async: false,
                    target: Name(
                        ExprName {
                            node_index: NodeIndex(None),
                            range: 715..716,
                            id: Name("a"),
                            ctx: Store,
                        },
                    ),
                    iter: Call(
                        ExprCall {
                            node_index: NodeIndex(None),
                            range: 720..728,
                            func: Name(
                                ExprName {
                                    node_index: NodeIndex(None),
                                    range: 720..725,
                                    id: Name("range"),
                                    ctx: Load,
                                },
                            ),
                            arguments: Arguments {
                                range: 725..728,
                                node_index: NodeIndex(None),
                                args: [
                                    NumberLiteral(
                                        ExprNumberLiteral {
                                            node_index: NodeIndex(None),
                                            range: 726..727,
                                            value: Int(
                                                5,
                                            ),
                                        },
                                    ),
                                ],
                                keywords: [],
                            },
                        },
                    ),
                    body: [
                        IpyEscapeCommand(
                            StmtIpyEscapeCommand {
                                node_index: NodeIndex(None),
                                range: 734..737,
                                kind: Shell,
                                value: "ls",
                            },
                        ),
                    ],
                    orelse: [],
                },
            ),
            Assign(
                StmtAssign {
                    node_index: NodeIndex(None),
                    range: 739..748,
                    targets: [
                        Name(
                            ExprName {
                                node_index: NodeIndex(None),
                                range: 739..741,
                                id: Name("p1"),
                                ctx: Store,
                            },
                        ),
                    ],
                    value: IpyEscapeCommand(
                        ExprIpyEscapeCommand {
                            node_index: NodeIndex(None),
                            range: 744..748,
                            kind: Shell,
                            value: "pwd",
                        },
                    ),
                },
            ),
            AnnAssign(
                StmtAnnAssign {
                    node_index: NodeIndex(None),
                    range: 749..763,
                    target: Name(
                        ExprName {
                            node_index: NodeIndex(None),
                            range: 749..751,
                            id: Name("p2"),
                            ctx: Store,
                        },
                    ),
                    annotation: Name(
                        ExprName {
                            node_index: NodeIndex(None),
                            range: 753..756,
                            id: Name("str"),
                            ctx: Load,
                        },
                    ),
                    value: Some(
                        IpyEscapeCommand(
                            ExprIpyEscapeCommand {
                                node_index: NodeIndex(None),
                                range: 759..763,
                                kind: Shell,
                                value: "pwd",
                            },
                        ),
                    ),
                    simple: true,
                },
            ),
            Assign(
                StmtAssign {
                    node_index: NodeIndex(None),
                    range: 764..784,
                    targets: [
                        Name(
                            ExprName {
                                node_index: NodeIndex(None),
                                range: 764..767,
                                id: Name("foo"),
                                ctx: Store,
                            },
                        ),
                    ],
                    value: IpyEscapeCommand(
                        ExprIpyEscapeCommand {
                            node_index: NodeIndex(None),
                            range: 770..784,
                            kind: Magic,
                            value: "foo     bar",
                        },
                    ),
                },
            ),
            Assign(
                StmtAssign {
                    node_index: NodeIndex(None),
                    range: 785..796,
                    targets: [
                        Name(
                            ExprName {
                                node_index: NodeIndex(None),
                                range: 785..788,
                                id: Name("bar"),
                                ctx: Store,
                            },
                        ),
                    ],
                    value: IpyEscapeCommand(
                        ExprIpyEscapeCommand {
                            node_index: NodeIndex(None),
                            range: 791..796,
                            kind: Magic,
                            value: "foo?",
                        },
                    ),
                },
            ),
            Assign(
                StmtAssign {
                    node_index: NodeIndex(None),
                    range: 797..808,
                    targets: [
                        Name(
                            ExprName {
                                node_index: NodeIndex(None),
                                range: 797..800,
                                id: Name("baz"),
                                ctx: Store,
                            },
                        ),
                    ],
                    value: IpyEscapeCommand(
                        ExprIpyEscapeCommand {
                            node_index: NodeIndex(None),
                            range: 803..808,
                            kind: Shell,
                            value: "pwd?",
                        },
                    ),
                },
            ),
            IpyEscapeCommand(
                StmtIpyEscapeCommand {
                    node_index: NodeIndex(None),
                    range: 810..815,
                    kind: Magic,
                    value: " foo",
                },
            ),
            Assign(
                StmtAssign {
                    node_index: NodeIndex(None),
                    range: 816..837,
                    targets: [
                        Name(
                            ExprName {
                                node_index: NodeIndex(None),
                                range: 816..819,
                                id: Name("foo"),
                                ctx: Store,
                            },
                        ),
                    ],
                    value: IpyEscapeCommand(
                        ExprIpyEscapeCommand {
                            node_index: NodeIndex(None),
                            range: 822..837,
                            kind: Magic,
                            value: "foo  # comment",
                        },
                    ),
                },
            ),
            Expr(
                StmtExpr {
                    node_index: NodeIndex(None),
                    range: 862..866,
                    value: Call(
                        ExprCall {
                            node_index: NodeIndex(None),
                            range: 862..866,
                            func: Attribute(
                                ExprAttribute {
                                    node_index: NodeIndex(None),
                                    range: 866..867,
                                    value: Name(
                                        ExprName {
                                            node_index: NodeIndex(None),
                                            range: 866..867,
                                            id: Name("__xonsh__"),
                                            ctx: Load,
                                        },
                                    ),
                                    attr: Identifier {
                                        id: Name("help"),
                                        range: 866..867,
                                        node_index: NodeIndex(None),
                                    },
                                    ctx: Load,
                                },
                            ),
                            arguments: Arguments {
                                range: 862..866,
                                node_index: NodeIndex(None),
                                args: [
                                    Name(
                                        ExprName {
                                            node_index: NodeIndex(None),
                                            range: 862..865,
                                            id: Name("foo"),
                                            ctx: Load,
                                        },
                                    ),
                                ],
                                keywords: [],
                            },
                        },
                    ),
                },
            ),
            Expr(
                StmtExpr {
                    node_index: NodeIndex(None),
                    range: 867..876,
                    value: Call(
                        ExprCall {
                            node_index: NodeIndex(None),
                            range: 867..875,
                            func: Attribute(
                                ExprAttribute {
                                    node_index: NodeIndex(None),
                                    range: 876..877,
                                    value: Name(
                                        ExprName {
                                            node_index: NodeIndex(None),
                                            range: 876..877,
                                            id: Name("__xonsh__"),
                                            ctx: Load,
                                        },
                                    ),
                                    attr: Identifier {
                                        id: Name("superhelp"),
                                        range: 876..877,
                                        node_index: NodeIndex(None),
                                    },
                                    ctx: Load,
                                },
                            ),
                            arguments: Arguments {
                                range: 867..875,
                                node_index: NodeIndex(None),
                                args: [
                                    Attribute(
                                        ExprAttribute {
                                            node_index: NodeIndex(None),
                                            range: 867..874,
                                            value: Name(
                                                ExprName {
                                                    node_index: NodeIndex(None),
                                                    range: 867..870,
                                                    id: Name("foo"),
                                                    ctx: Load,
                                                },
                                            ),
                                            attr: Identifier {
                                                id: Name("bar"),
                                                range: 871..874,
                                                node_index: NodeIndex(None),
                                            },
                                            ctx: Load,
                                        },
                                    ),
                                ],
                                keywords: [],
                            },
                        },
                    ),
                },
            ),
            Expr(
                StmtExpr {
                    node_index: NodeIndex(None),
                    range: 877..889,
                    value: Call(
                        ExprCall {
                            node_index: NodeIndex(None),
                            range: 877..889,
                            func: Attribute(
                                ExprAttribute {
                                    node_index: NodeIndex(None),
                                    range: 889..890,
                                    value: Name(
                                        ExprName {
                                            node_index: NodeIndex(None),
                                            range: 889..890,
                                            id: Name("__xonsh__"),
                                            ctx: Load,
                                        },
                                    ),
                                    attr: Identifier {
                                        id: Name("help"),
                                        range: 889..890,
                                        node_index: NodeIndex(None),
                                    },
                                    ctx: Load,
                                },
                            ),
                            arguments: Arguments {
                                range: 877..889,
                                node_index: NodeIndex(None),
                                args: [
                                    Attribute(
                                        ExprAttribute {
                                            node_index: NodeIndex(None),
                                            range: 877..888,
                                            value: Attribute(
                                                ExprAttribute {
                                                    node_index: NodeIndex(None),
                                                    range: 877..884,
                                                    value: Name(
                                                        ExprName {
                                                            node_index: NodeIndex(None),
                                                            range: 877..880,
                                                            id: Name("foo"),
                                                            ctx: Load,
                                                        },
                                                    ),
                                                    attr: Identifier {
                                                        id: Name("bar"),
                                                        range: 881..884,
                                                        node_index: NodeIndex(None),
                                                    },
                                                    ctx: Load,
                                                },
                                            ),
                                            attr: Identifier {
                                                id: Name("baz"),
                                                range: 885..888,
                                                node_index: NodeIndex(None),
                                            },
                                            ctx: Load,
                                        },
                                    ),
                                ],
                                keywords: [],
                            },
                        },
                    ),
                },
            ),
            Expr(
                StmtExpr {
                    node_index: NodeIndex(None),
                    range: 890..898,
                    value: Call(
                        ExprCall {
                            node_index: NodeIndex(None),
                            range: 890..897,
                            func: Attribute(
                                ExprAttribute {
                                    node_index: NodeIndex(None),
                                    range: 898..899,
                                    value: Name(
                                        ExprName {
                                            node_index: NodeIndex(None),
                                            range: 898..899,
                                            id: Name("__xonsh__"),
                                            ctx: Load,
                                        },
                                    ),
                                    attr: Identifier {
                                        id: Name("superhelp"),
                                        range: 898..899,
                                        node_index: NodeIndex(None),
                                    },
                                    ctx: Load,
                                },
                            ),
                            arguments: Arguments {
                                range: 890..897,
                                node_index: NodeIndex(None),
                                args: [
                                    Subscript(
                                        ExprSubscript {
                                            node_index: NodeIndex(None),
                                            range: 890..896,
                                            value: Name(
                                                ExprName {
                                                    node_index: NodeIndex(None),
                                                    range: 890..893,
                                                    id: Name("foo"),
                                                    ctx: Load,
                                                },
                                            ),
                                            slice: NumberLiteral(
                                                ExprNumberLiteral {
                                                    node_index: NodeIndex(None),
                                                    range: 894..895,
                                                    value: Int(
                                                        0,
                                                    ),
                                                },
                                            ),
                                            ctx: Load,
                                        },
                                    ),
                                ],
                                keywords: [],
                            },
                        },
                    ),
                },
            ),
            Expr(
                StmtExpr {
                    node_index: NodeIndex(None),
                    range: 899..909,
                    value: Call(
                        ExprCall {
                            node_index: NodeIndex(None),
                            range: 899..909,
                            func: Attribute(
                                ExprAttribute {
                                    node_index: NodeIndex(None),
                                    range: 909..910,
                                    value: Name(
                                        ExprName {
                                            node_index: NodeIndex(None),
                                            range: 909..910,
                                            id: Name("__xonsh__"),
                                            ctx: Load,
                                        },
                                    ),
                                    attr: Identifier {
                                        id: Name("help"),
                                        range: 909..910,
                                        node_index: NodeIndex(None),
                                    },
                                    ctx: Load,
                                },
                            ),
                            arguments: Arguments {
                                range: 899..909,
                                node_index: NodeIndex(None),
                                args: [
                                    Subscript(
                                        ExprSubscript {
                                            node_index: NodeIndex(None),
                                            range: 899..908,
                                            value: Subscript(
                                                ExprSubscript {
                                                    node_index: NodeIndex(None),
                                                    range: 899..905,
                                                    value: Name(
                                                        ExprName {
                                                            node_index: NodeIndex(None),
                                                            range: 899..902,
                                                            id: Name("foo"),
                                                            ctx: Load,
                                                        },
                                                    ),
                                                    slice: NumberLiteral(
                                                        ExprNumberLiteral {
                                                            node_index: NodeIndex(None),
                                                            range: 903..904,
                                                            value: Int(
                                                                0,
                                                            ),
                                                        },
                                                    ),
                                                    ctx: Load,
                                                },
                                            ),
                                            slice: NumberLiteral(
                                                ExprNumberLiteral {
                                                    node_index: NodeIndex(None),
                                                    range: 906..907,
                                                    value: Int(
                                                        1,
                                                    ),
                                                },
                                            ),
                                            ctx: Load,
                                        },
                                    ),
                                ],
                                keywords: [],
                            },
                        },
                    ),
                },
            ),
            Expr(
                StmtExpr {
                    node_index: NodeIndex(None),
                    range: 910..929,
                    value: Call(
                        ExprCall {
                            node_index: NodeIndex(None),
                            range: 910..928,
                            func: Attribute(
                                ExprAttribute {
                                    node_index: NodeIndex(None),
                                    range: 929..930,
                                    value: Name(
                                        ExprName {
                                            node_index: NodeIndex(None),
                                            range: 929..930,
                                            id: Name("__xonsh__"),
                                            ctx: Load,
                                        },
                                    ),
                                    attr: Identifier {
                                        id: Name("superhelp"),
                                        range: 929..930,
                                        node_index: NodeIndex(None),
                                    },
                                    ctx: Load,
                                },
                            ),
                            arguments: Arguments {
                                range: 910..928,
                                node_index: NodeIndex(None),
                                args: [
                                    Subscript(
                                        ExprSubscript {
                                            node_index: NodeIndex(None),
                                            range: 910..927,
                                            value: Attribute(
                                                ExprAttribute {
                                                    node_index: NodeIndex(None),
                                                    range: 910..924,
                                                    value: Subscript(
                                                        ExprSubscript {
                                                            node_index: NodeIndex(None),
                                                            range: 910..920,
                                                            value: Attribute(
                                                                ExprAttribute {
                                                                    node_index: NodeIndex(None),
                                                                    range: 910..917,
                                                                    value: Name(
                                                                        ExprName {
                                                                            node_index: NodeIndex(None),
                                                                            range: 910..913,
                                                                            id: Name("foo"),
                                                                            ctx: Load,
                                                                        },
                                                                    ),
                                                                    attr: Identifier {
                                                                        id: Name("bar"),
                                                                        range: 914..917,
                                                                        node_index: NodeIndex(None),
                                                                    },
                                                                    ctx: Load,
                                                                },
                                                            ),
                                                            slice: NumberLiteral(
                                                                ExprNumberLiteral {
                                                                    node_index: NodeIndex(None),
                                                                    range: 918..919,
                                                                    value: Int(
                                                                        0,
                                                                    ),
                                                                },
                                                            ),
                                                            ctx: Load,
                                                        },
                                                    ),
                                                    attr: Identifier {
                                                        id: Name("baz"),
                                                        range: 921..924,
                                                        node_index: NodeIndex(None),
                                                    },
                                                    ctx: Load,
                                                },
                                            ),
                                            slice: NumberLiteral(
                                                ExprNumberLiteral {
                                                    node_index: NodeIndex(None),
                                                    range: 925..926,
                                                    value: Int(
                                                        1,
                                                    ),
                                                },
                                            ),
                                            ctx: Load,
                                        },
                                    ),
                                ],
                                keywords: [],
                            },
                        },
                    ),
                },
            ),
            Expr(
                StmtExpr {
                    node_index: NodeIndex(None),
                    range: 930..953,
                    value: Call(
                        ExprCall {
                            node_index: NodeIndex(None),
                            range: 930..952,
                            func: Attribute(
                                ExprAttribute {
                                    node_index: NodeIndex(None),
                                    range: 953..953,
                                    value: Name(
                                        ExprName {
                                            node_index: NodeIndex(None),
                                            range: 953..953,
                                            id: Name("__xonsh__"),
                                            ctx: Load,
                                        },
                                    ),
                                    attr: Identifier {
                                        id: Name("superhelp"),
                                        range: 953..953,
                                        node_index: NodeIndex(None),
                                    },
                                    ctx: Load,
                                },
                            ),
                            arguments: Arguments {
                                range: 930..952,
                                node_index: NodeIndex(None),
                                args: [
                                    Attribute(
                                        ExprAttribute {
                                            node_index: NodeIndex(None),
                                            range: 930..951,
                                            value: Subscript(
                                                ExprSubscript {
                                                    node_index: NodeIndex(None),
                                                    range: 930..947,
                                                    value: Attribute(
                                                        ExprAttribute {
                                                            node_index: NodeIndex(None),
                                                            range: 930..944,
                                                            value: Subscript(
                                                                ExprSubscript {
                                                                    node_index: NodeIndex(None),
                                                                    range: 930..940,
                                                                    value: Attribute(
                                                                        ExprAttribute {
                                                                            node_index: NodeIndex(None),
                                                                            range: 930..937,
                                                                            value: Name(
                                                                                ExprName {
                                                                                    node_index: NodeIndex(None),
                                                                                    range: 930..933,
                                                                                    id: Name("foo"),
                                                                                    ctx: Load,
                                                                                },
                                                                            ),
                                                                            attr: Identifier {
                                                                                id: Name("bar"),
                                                                                range: 934..937,
                                                                                node_index: NodeIndex(None),
                                                                            },
                                                                            ctx: Load,
                                                                        },
                                                                    ),
                                                                    slice: NumberLiteral(
                                                                        ExprNumberLiteral {
                                                                            node_index: NodeIndex(None),
                                                                            range: 938..939,
                                                                            value: Int(
                                                                                0,
                                                                            ),
                                                                        },
                                                                    ),
                                                                    ctx: Load,
                                                                },
                                                            ),
                                                            attr: Identifier {
                                                                id: Name("baz"),
                                                                range: 941..944,
                                                                node_index: NodeIndex(None),
                                                            },
                                                            ctx: Load,
                                                        },
                                                    ),
                                                    slice: NumberLiteral(
                                                        ExprNumberLiteral {
                                                            node_index: NodeIndex(None),
                                                            range: 945..946,
                                                            value: Int(
                                                                2,
                                                            ),
                                                        },
                                                    ),
                                                    ctx: Load,
                                                },
                                            ),
                                            attr: Identifier {
                                                id: Name("egg"),
                                                range: 948..951,
                                                node_index: NodeIndex(None),
                                            },
                                            ctx: Load,
                                        },
                                    ),
                                ],
                                keywords: [],
                            },
                        },
                    ),
                },
            ),
        ],
    },
)
