---
source: crates/ruff_python_parser/tests/fixtures.rs
input_file: crates/ruff_python_parser/resources/inline/err/import_stmt_star_import.py
---
## AST

```
Module(
    ModModule {
        node_index: NodeIndex(None),
        range: 0..24,
        body: [
            Expr(
                StmtExpr {
                    node_index: NodeIndex(None),
                    range: 7..8,
                    value: Call(
                        ExprCall {
                            node_index: NodeIndex(None),
                            range: 7..8,
                            func: Attribute(
                                ExprAttribute {
                                    node_index: NodeIndex(None),
                                    range: 7..8,
                                    value: Call(
                                        ExprCall {
                                            node_index: NodeIndex(None),
                                            range: 7..8,
                                            func: Attribute(
                                                ExprAttribute {
                                                    node_index: NodeIndex(None),
                                                    range: 7..8,
                                                    value: Name(
                                                        ExprName {
                                                            node_index: NodeIndex(None),
                                                            range: 7..8,
                                                            id: Name("__xonsh__"),
                                                            ctx: Load,
                                                        },
                                                    ),
                                                    attr: Identifier {
                                                        id: Name("cmd"),
                                                        range: 7..8,
                                                        node_index: NodeIndex(None),
                                                    },
                                                    ctx: Load,
                                                },
                                            ),
                                            arguments: Arguments {
                                                range: 7..8,
                                                node_index: NodeIndex(None),
                                                args: [
                                                    StringLiteral(
                                                        ExprStringLiteral {
                                                            node_index: NodeIndex(None),
                                                            range: 7..8,
                                                            value: StringLiteralValue {
                                                                inner: Single(
                                                                    StringLiteral {
                                                                        range: 7..8,
                                                                        node_index: NodeIndex(None),
                                                                        value: "*",
                                                                        flags: StringLiteralFlags {
                                                                            quote_style: Single,
                                                                            prefix: Empty,
                                                                            triple_quoted: false,
                                                                            unclosed: false,
                                                                        },
                                                                    },
                                                                ),
                                                            },
                                                        },
                                                    ),
                                                ],
                                                keywords: [],
                                            },
                                        },
                                    ),
                                    attr: Identifier {
                                        id: Name("hide"),
                                        range: 7..8,
                                        node_index: NodeIndex(None),
                                    },
                                    ctx: Load,
                                },
                            ),
                            arguments: Arguments {
                                range: 7..8,
                                node_index: NodeIndex(None),
                                args: [],
                                keywords: [],
                            },
                        },
                    ),
                },
            ),
            Expr(
                StmtExpr {
                    node_index: NodeIndex(None),
                    range: 19..23,
                    value: Call(
                        ExprCall {
                            node_index: NodeIndex(None),
                            range: 19..23,
                            func: Attribute(
                                ExprAttribute {
                                    node_index: NodeIndex(None),
                                    range: 19..23,
                                    value: Call(
                                        ExprCall {
                                            node_index: NodeIndex(None),
                                            range: 19..23,
                                            func: Attribute(
                                                ExprAttribute {
                                                    node_index: NodeIndex(None),
                                                    range: 19..20,
                                                    value: Name(
                                                        ExprName {
                                                            node_index: NodeIndex(None),
                                                            range: 19..20,
                                                            id: Name("__xonsh__"),
                                                            ctx: Load,
                                                        },
                                                    ),
                                                    attr: Identifier {
                                                        id: Name("cmd"),
                                                        range: 19..20,
                                                        node_index: NodeIndex(None),
                                                    },
                                                    ctx: Load,
                                                },
                                            ),
                                            arguments: Arguments {
                                                range: 19..23,
                                                node_index: NodeIndex(None),
                                                args: [
                                                    StringLiteral(
                                                        ExprStringLiteral {
                                                            node_index: NodeIndex(None),
                                                            range: 19..21,
                                                            value: StringLiteralValue {
                                                                inner: Single(
                                                                    StringLiteral {
                                                                        range: 19..21,
                                                                        node_index: NodeIndex(None),
                                                                        value: "*,",
                                                                        flags: StringLiteralFlags {
                                                                            quote_style: Single,
                                                                            prefix: Empty,
                                                                            triple_quoted: false,
                                                                            unclosed: false,
                                                                        },
                                                                    },
                                                                ),
                                                            },
                                                        },
                                                    ),
                                                    StringLiteral(
                                                        ExprStringLiteral {
                                                            node_index: NodeIndex(None),
                                                            range: 22..23,
                                                            value: StringLiteralValue {
                                                                inner: Single(
                                                                    StringLiteral {
                                                                        range: 22..23,
                                                                        node_index: NodeIndex(None),
                                                                        value: "y",
                                                                        flags: StringLiteralFlags {
                                                                            quote_style: Single,
                                                                            prefix: Empty,
                                                                            triple_quoted: false,
                                                                            unclosed: false,
                                                                        },
                                                                    },
                                                                ),
                                                            },
                                                        },
                                                    ),
                                                ],
                                                keywords: [],
                                            },
                                        },
                                    ),
                                    attr: Identifier {
                                        id: Name("hide"),
                                        range: 19..23,
                                        node_index: NodeIndex(None),
                                    },
                                    ctx: Load,
                                },
                            ),
                            arguments: Arguments {
                                range: 19..23,
                                node_index: NodeIndex(None),
                                args: [],
                                keywords: [],
                            },
                        },
                    ),
                },
            ),
        ],
    },
)
```
## Errors

  |
1 | import *
  |        ^ Syntax Error: Expected one or more symbol names after import
2 | import x, *, y
  |


  |
1 | import *
2 | import x, *, y
  |         ^ Syntax Error: Trailing comma not allowed
  |
