---
source: crates/ruff_python_parser/tests/fixtures.rs
input_file: crates/ruff_python_parser/resources/invalid/expressions/named/missing_expression_2.py
---
## AST

```
Module(
    ModModule {
        node_index: NodeIndex(None),
        range: 0..87,
        body: [
            Expr(
                StmtExpr {
                    node_index: NodeIndex(None),
                    range: 72..87,
                    value: Call(
                        ExprCall {
                            node_index: NodeIndex(None),
                            range: 72..87,
                            func: Attribute(
                                ExprAttribute {
                                    node_index: NodeIndex(None),
                                    range: 72..87,
                                    value: Call(
                                        ExprCall {
                                            node_index: NodeIndex(None),
                                            range: 72..87,
                                            func: Attribute(
                                                ExprAttribute {
                                                    node_index: NodeIndex(None),
                                                    range: 72..75,
                                                    value: Name(
                                                        ExprName {
                                                            node_index: NodeIndex(None),
                                                            range: 72..75,
                                                            id: Name("__xonsh__"),
                                                            ctx: Load,
                                                        },
                                                    ),
                                                    attr: Identifier {
                                                        id: Name("cmd"),
                                                        range: 72..75,
                                                        node_index: NodeIndex(None),
                                                    },
                                                    ctx: Load,
                                                },
                                            ),
                                            arguments: Arguments {
                                                range: 72..87,
                                                node_index: NodeIndex(None),
                                                args: [
                                                    StringLiteral(
                                                        ExprStringLiteral {
                                                            node_index: NodeIndex(None),
                                                            range: 72..78,
                                                            value: StringLiteralValue {
                                                                inner: Single(
                                                                    StringLiteral {
                                                                        range: 72..78,
                                                                        node_index: NodeIndex(None),
                                                                        value: "foo():",
                                                                        flags: StringLiteralFlags {
                                                                            quote_style: Single,
                                                                            prefix: Empty,
                                                                            triple_quoted: false,
                                                                            unclosed: false,
                                                                        },
                                                                    },
                                                                ),
                                                            },
                                                        },
                                                    ),
                                                    StringLiteral(
                                                        ExprStringLiteral {
                                                            node_index: NodeIndex(None),
                                                            range: 83..87,
                                                            value: StringLiteralValue {
                                                                inner: Single(
                                                                    StringLiteral {
                                                                        range: 83..87,
                                                                        node_index: NodeIndex(None),
                                                                        value: "pass",
                                                                        flags: StringLiteralFlags {
                                                                            quote_style: Single,
                                                                            prefix: Empty,
                                                                            triple_quoted: false,
                                                                            unclosed: false,
                                                                        },
                                                                    },
                                                                ),
                                                            },
                                                        },
                                                    ),
                                                ],
                                                keywords: [],
                                            },
                                        },
                                    ),
                                    attr: Identifier {
                                        id: Name("hide"),
                                        range: 72..87,
                                        node_index: NodeIndex(None),
                                    },
                                    ctx: Load,
                                },
                            ),
                            arguments: Arguments {
                                range: 72..87,
                                node_index: NodeIndex(None),
                                args: [],
                                keywords: [],
                            },
                        },
                    ),
                },
            ),
        ],
    },
)
```
## Errors

  |
3 | (x :=
4 |
5 | def foo():
  | ^^^ Syntax Error: Expected an identifier, but found a keyword `def` that cannot be used here
6 |     pass
  |


  |
3 | (x :=
4 |
5 | def foo():
  |     ^^^ Syntax Error: Expected `)`, found name
6 |     pass
  |


  |
5 | def foo():
6 |     pass
  |         ^ Syntax Error: unexpected EOF while parsing
  |
