---
source: crates/ruff_python_parser/tests/fixtures.rs
input_file: crates/ruff_python_parser/resources/inline/err/dotted_name_multiple_dots.py
---
## AST

```
Module(
    ModModule {
        node_index: NodeIndex(None),
        range: 0..25,
        body: [
            Import(
                StmtImport {
                    node_index: NodeIndex(None),
                    range: 0..11,
                    names: [
                        Alias {
                            range: 7..11,
                            node_index: NodeIndex(None),
                            name: Identifier {
                                id: Name("a..b"),
                                range: 7..11,
                                node_index: NodeIndex(None),
                            },
                            asname: None,
                        },
                    ],
                    is_lazy: false,
                },
            ),
            Expr(
                StmtExpr {
                    node_index: NodeIndex(None),
                    range: 20..24,
                    value: Call(
                        ExprCall {
                            node_index: NodeIndex(None),
                            range: 20..24,
                            func: Attribute(
                                ExprAttribute {
                                    node_index: NodeIndex(None),
                                    range: 20..24,
                                    value: Call(
                                        ExprCall {
                                            node_index: NodeIndex(None),
                                            range: 20..24,
                                            func: Attribute(
                                                ExprAttribute {
                                                    node_index: NodeIndex(None),
                                                    range: 20..23,
                                                    value: Name(
                                                        ExprName {
                                                            node_index: NodeIndex(None),
                                                            range: 20..23,
                                                            id: Name("__xonsh__"),
                                                            ctx: Load,
                                                        },
                                                    ),
                                                    attr: Identifier {
                                                        id: Name("cmd"),
                                                        range: 20..23,
                                                        node_index: NodeIndex(None),
                                                    },
                                                    ctx: Load,
                                                },
                                            ),
                                            arguments: Arguments {
                                                range: 20..24,
                                                node_index: NodeIndex(None),
                                                args: [
                                                    StringLiteral(
                                                        ExprStringLiteral {
                                                            node_index: NodeIndex(None),
                                                            range: 20..24,
                                                            value: StringLiteralValue {
                                                                inner: Single(
                                                                    StringLiteral {
                                                                        range: 20..24,
                                                                        node_index: NodeIndex(None),
                                                                        value: "...b",
                                                                        flags: StringLiteralFlags {
                                                                            quote_style: Single,
                                                                            prefix: Empty,
                                                                            triple_quoted: false,
                                                                            unclosed: false,
                                                                        },
                                                                    },
                                                                ),
                                                            },
                                                        },
                                                    ),
                                                ],
                                                keywords: [],
                                            },
                                        },
                                    ),
                                    attr: Identifier {
                                        id: Name("hide"),
                                        range: 20..24,
                                        node_index: NodeIndex(None),
                                    },
                                    ctx: Load,
                                },
                            ),
                            arguments: Arguments {
                                range: 20..24,
                                node_index: NodeIndex(None),
                                args: [],
                                keywords: [],
                            },
                        },
                    ),
                },
            ),
        ],
    },
)
```
## Errors

  |
1 | import a..b
  |          ^ Syntax Error: Expected an identifier
2 | import a...b
  |
