---
source: crates/ruff_python_parser/src/lexer.rs
assertion_line: 2494
expression: "lex_source(r#\"p`.*`\"#)"
---
## Tokens
```
[
    (
        String(
            ".*",
        ),
        0..5,
        TokenFlags(
            PATH_STRING | BACKTICK_STRING,
        ),
    ),
    (
        Newline,
        5..5,
    ),
]
```
